
[1m[46m RUN [49m[22m [36mv4.0.18 [39m[90mC:/Dev/steadfast-security[39m

 [2m[90mΓåô[39m[22m tests/smoke/api-routes.test.ts[2m > [22mAPI route smoke tests[2m > [22mPOST /api/mealplans/upload-url returns non-404
 [2m[90mΓåô[39m[22m tests/smoke/api-routes.test.ts[2m > [22mAPI route smoke tests[2m > [22mPOST /api/mealplans/import-plan returns non-404
 [2m[90mΓåô[39m[22m tests/smoke/api-routes.test.ts[2m > [22mAPI route smoke tests[2m > [22mPOST /api/mealplans/parse returns non-404
 [2m[90mΓåô[39m[22m tests/smoke/api-routes.test.ts[2m > [22mAPI route smoke tests[2m > [22mPOST /api/webhooks/clerk returns non-404
 [32mΓ£ô[39m tests/unit/rate-limit.test.ts[2m > [22mrate-limit core[2m > [22mallows requests within the limit[32m 1[2mms[22m[39m
 [32mΓ£ô[39m tests/unit/rate-limit.test.ts[2m > [22mrate-limit core[2m > [22mblocks requests above the limit[32m 0[2mms[22m[39m
 [32mΓ£ô[39m tests/unit/rate-limit.test.ts[2m > [22mrate-limit core[2m > [22misolates keys ΓÇö different users don't share limits[32m 0[2mms[22m[39m
 [32mΓ£ô[39m tests/unit/rate-limit.test.ts[2m > [22mrate-limit core[2m > [22mresets after window expires[32m 0[2mms[22m[39m
 [32mΓ£ô[39m tests/unit/rate-limit.test.ts[2m > [22mrate-limit core[2m > [22mreturns resetAt timestamp[32m 0[2mms[22m[39m
 [32mΓ£ô[39m tests/unit/upload-validation.test.ts[2m > [22mupload-validation[2m > [22mvalidateCheckInUploadFiles[2m > [22maccepts valid JPEG files[32m 1[2mms[22m[39m
 [32mΓ£ô[39m tests/unit/upload-validation.test.ts[2m > [22mupload-validation[2m > [22mvalidateCheckInUploadFiles[2m > [22maccepts valid PNG files[32m 0[2mms[22m[39m
 [32mΓ£ô[39m tests/unit/upload-validation.test.ts[2m > [22mupload-validation[2m > [22mvalidateCheckInUploadFiles[2m > [22maccepts valid WebP files[32m 0[2mms[22m[39m
 [32mΓ£ô[39m tests/unit/upload-validation.test.ts[2m > [22mupload-validation[2m > [22mvalidateCheckInUploadFiles[2m > [22mrejects empty file list[32m 0[2mms[22m[39m
 [32mΓ£ô[39m tests/unit/upload-validation.test.ts[2m > [22mupload-validation[2m > [22mvalidateCheckInUploadFiles[2m > [22mrejects more than MAX_CHECKIN_PHOTOS files[32m 0[2mms[22m[39m
 [32mΓ£ô[39m tests/unit/upload-validation.test.ts[2m > [22mupload-validation[2m > [22mvalidateCheckInUploadFiles[2m > [22mrejects unsupported file types[32m 0[2mms[22m[39m
 [32mΓ£ô[39m tests/unit/upload-validation.test.ts[2m > [22mupload-validation[2m > [22mvalidateCheckInUploadFiles[2m > [22mrejects files without extensions[32m 0[2mms[22m[39m
 [32mΓ£ô[39m tests/unit/upload-validation.test.ts[2m > [22mupload-validation[2m > [22mvalidateCheckInUploadFiles[2m > [22mrejects mixed valid and invalid files[32m 0[2mms[22m[39m
 [32mΓ£ô[39m tests/unit/upload-validation.test.ts[2m > [22mupload-validation[2m > [22mvalidateCheckInUploadFiles[2m > [22maccepts exactly MAX_CHECKIN_PHOTOS files[32m 0[2mms[22m[39m
 [32mΓ£ô[39m tests/unit/upload-validation.test.ts[2m > [22mupload-validation[2m > [22mvalidateProfilePhotoUpload[2m > [22maccepts image/jpeg[32m 0[2mms[22m[39m
 [32mΓ£ô[39m tests/unit/upload-validation.test.ts[2m > [22mupload-validation[2m > [22mvalidateProfilePhotoUpload[2m > [22maccepts image/png[32m 0[2mms[22m[39m
 [32mΓ£ô[39m tests/unit/upload-validation.test.ts[2m > [22mupload-validation[2m > [22mvalidateProfilePhotoUpload[2m > [22maccepts image/webp[32m 0[2mms[22m[39m
 [32mΓ£ô[39m tests/unit/upload-validation.test.ts[2m > [22mupload-validation[2m > [22mvalidateProfilePhotoUpload[2m > [22mrejects unsupported MIME types[32m 0[2mms[22m[39m
 [32mΓ£ô[39m tests/unit/upload-validation.test.ts[2m > [22mupload-validation[2m > [22mvalidateProfilePhotoUpload[2m > [22mrejects text/plain[32m 0[2mms[22m[39m
 [32mΓ£ô[39m tests/unit/upload-validation.test.ts[2m > [22mupload-validation[2m > [22mvalidateProfilePhotoUpload[2m > [22mallows undefined mimeType (path-based fallback)[32m 0[2mms[22m[39m
 [32mΓ£ô[39m tests/unit/upload-validation.test.ts[2m > [22mupload-validation[2m > [22mconstants[2m > [22mexports expected ALLOWED_IMAGE_TYPES[32m 1[2mms[22m[39m
 [32mΓ£ô[39m tests/unit/upload-validation.test.ts[2m > [22mupload-validation[2m > [22mconstants[2m > [22mMAX_CHECKIN_PHOTOS is 3[32m 0[2mms[22m[39m
 [32mΓ£ô[39m tests/unit/upload-validation.test.ts[2m > [22mupload-validation[2m > [22mconstants[2m > [22mMAX_IMAGE_SIZE_BYTES is 5MB[32m 0[2mms[22m[39m
 [32mΓ£ô[39m tests/unit/prisma-error.test.ts[2m > [22mprismaErrorMessage[2m > [22mdetects P2021 table-missing error[32m 1[2mms[22m[39m
 [32mΓ£ô[39m tests/unit/prisma-error.test.ts[2m > [22mprismaErrorMessage[2m > [22mreturns 500 for generic Error[32m 0[2mms[22m[39m
 [32mΓ£ô[39m tests/unit/prisma-error.test.ts[2m > [22mprismaErrorMessage[2m > [22mreturns generic message for non-Error[32m 0[2mms[22m[39m
 [32mΓ£ô[39m tests/unit/prisma-error.test.ts[2m > [22mprismaErrorMessage[2m > [22mreturns 500 for other Prisma error codes[32m 0[2mms[22m[39m
 [32mΓ£ô[39m tests/unit/date-utils.test.ts[2m > [22mnormalizeToMonday[2m > [22mreturns Monday unchanged[32m 3[2mms[22m[39m
 [32mΓ£ô[39m tests/unit/date-utils.test.ts[2m > [22mnormalizeToMonday[2m > [22mrolls Wednesday back to Monday[32m 0[2mms[22m[39m
 [32mΓ£ô[39m tests/unit/date-utils.test.ts[2m > [22mnormalizeToMonday[2m > [22mrolls Sunday back to previous Monday[32m 0[2mms[22m[39m
 [32mΓ£ô[39m tests/unit/date-utils.test.ts[2m > [22mnormalizeToMonday[2m > [22mzeros out time components[32m 0[2mms[22m[39m
 [32mΓ£ô[39m tests/unit/date-utils.test.ts[2m > [22mnormalizeToMonday[2m > [22mdoes not mutate the original date[32m 0[2mms[22m[39m
 [32mΓ£ô[39m tests/unit/date-utils.test.ts[2m > [22mparseWeekStartDate[2m > [22mparses "2025-01-06" to Monday midnight UTC[32m 0[2mms[22m[39m
 [32mΓ£ô[39m tests/unit/date-utils.test.ts[2m > [22mparseWeekStartDate[2m > [22mnormalizes a non-Monday date string to its Monday[32m 0[2mms[22m[39m
 [32mΓ£ô[39m tests/unit/date-utils.test.ts[2m > [22mparseWeekStartDate[2m > [22mthrows for invalid date strings[32m 1[2mms[22m[39m
 [32mΓ£ô[39m tests/unit/date-utils.test.ts[2m > [22mformatDateUTC[2m > [22mformats as "YYYY-MM-DD"[32m 0[2mms[22m[39m
 [32mΓ£ô[39m tests/unit/date-utils.test.ts[2m > [22mformatDateUTC[2m > [22mpads single-digit months and days[32m 0[2mms[22m[39m
 [32mΓ£ô[39m tests/unit/bucket-missing.test.ts[2m > [22misBucketMissing[2m > [22mreturns false for undefined/empty input[32m 1[2mms[22m[39m
 [32mΓ£ô[39m tests/unit/bucket-missing.test.ts[2m > [22misBucketMissing[2m > [22mdetects "Bucket not found"[32m 0[2mms[22m[39m
 [32mΓ£ô[39m tests/unit/bucket-missing.test.ts[2m > [22misBucketMissing[2m > [22mdetects "The related resource does not exist"[32m 0[2mms[22m[39m
 [32mΓ£ô[39m tests/unit/bucket-missing.test.ts[2m > [22misBucketMissing[2m > [22mdetects compound "not found" + "bucket"[32m 0[2mms[22m[39m
 [32mΓ£ô[39m tests/unit/bucket-missing.test.ts[2m > [22misBucketMissing[2m > [22mreturns false for unrelated errors[32m 0[2mms[22m[39m
 [32mΓ£ô[39m tests/unit/normalize-llm-output.test.ts[2m > [22mnormalizeLlmOutput[2m > [22mreturns primitives unchanged[32m 1[2mms[22m[39m
 [32mΓ£ô[39m tests/unit/normalize-llm-output.test.ts[2m > [22mnormalizeLlmOutput[2m > [22mtrims string values in objects[32m 0[2mms[22m[39m
 [32mΓ£ô[39m tests/unit/normalize-llm-output.test.ts[2m > [22mnormalizeLlmOutput[2m > [22mcoerces null portion to ""[32m 0[2mms[22m[39m
 [32mΓ£ô[39m tests/unit/normalize-llm-output.test.ts[2m > [22mnormalizeLlmOutput[2m > [22mcoerces undefined portion to ""[32m 0[2mms[22m[39m
 [32mΓ£ô[39m tests/unit/normalize-llm-output.test.ts[2m > [22mnormalizeLlmOutput[2m > [22mtrims portion strings[32m 0[2mms[22m[39m
 [32mΓ£ô[39m tests/unit/normalize-llm-output.test.ts[2m > [22mnormalizeLlmOutput[2m > [22mnormalizes nested arrays recursively[32m 0[2mms[22m[39m
 [32mΓ£ô[39m tests/unit/normalize-llm-output.test.ts[2m > [22mnormalizeLlmOutput[2m > [22mpreserves non-string, non-object values[32m 0[2mms[22m[39m
 [32mΓ£ô[39m tests/unit/split-portion.test.ts[2m > [22msplitPortion[2m > [22mreturns default for empty string[32m 2[2mms[22m[39m
 [32mΓ£ô[39m tests/unit/split-portion.test.ts[2m > [22msplitPortion[2m > [22mreturns default for whitespace-only string[32m 0[2mms[22m[39m
 [32mΓ£ô[39m tests/unit/split-portion.test.ts[2m > [22msplitPortion[2m > [22mparses "6 oz"[32m 0[2mms[22m[39m
 [32mΓ£ô[39m tests/unit/split-portion.test.ts[2m > [22msplitPortion[2m > [22mparses "200g cooked"[32m 0[2mms[22m[39m
 [32mΓ£ô[39m tests/unit/split-portion.test.ts[2m > [22msplitPortion[2m > [22mparses "1.5 cups"[32m 0[2mms[22m[39m
 [32mΓ£ô[39m tests/unit/split-portion.test.ts[2m > [22msplitPortion[2m > [22mparses fractions like "┬╜ cup"[32m 0[2mms[22m[39m
 [32mΓ£ô[39m tests/unit/split-portion.test.ts[2m > [22msplitPortion[2m > [22mreturns quantity-only when no unit matches[32m 0[2mms[22m[39m
 [32mΓ£ô[39m tests/unit/split-portion.test.ts[2m > [22msplitPortion[2m > [22mhandles leading/trailing whitespace[32m 0[2mms[22m[39m
 [32mΓ£ô[39m tests/unit/schema-validation.test.ts[2m > [22mparsedMealItemSchema[2m > [22maccepts valid item with portion[32m 2[2mms[22m[39m
 [32mΓ£ô[39m tests/unit/schema-validation.test.ts[2m > [22mparsedMealItemSchema[2m > [22maccepts item with empty portion[32m 0[2mms[22m[39m
 [32mΓ£ô[39m tests/unit/schema-validation.test.ts[2m > [22mparsedMealItemSchema[2m > [22mdefaults missing portion to empty string[32m 0[2mms[22m[39m
 [32mΓ£ô[39m tests/unit/schema-validation.test.ts[2m > [22mparsedMealItemSchema[2m > [22mcoerces null portion to empty string[32m 0[2mms[22m[39m
 [32mΓ£ô[39m tests/unit/schema-validation.test.ts[2m > [22mparsedMealItemSchema[2m > [22mrejects empty food name[32m 0[2mms[22m[39m
 [32mΓ£ô[39m tests/unit/schema-validation.test.ts[2m > [22mparsedMealPlanSchema[2m > [22maccepts a well-formed plan[32m 1[2mms[22m[39m
 [32mΓ£ô[39m tests/unit/schema-validation.test.ts[2m > [22mparsedMealPlanSchema[2m > [22mrejects plan with no meals[32m 0[2mms[22m[39m
 [32mΓ£ô[39m tests/unit/schema-validation.test.ts[2m > [22mparsedMealPlanSchema[2m > [22mrejects meal with no items[32m 0[2mms[22m[39m
 [32mΓ£ô[39m tests/unit/schema-validation.test.ts[2m > [22mparsedMealPlanSchema[2m > [22mdefaults notes to empty string when missing[32m 0[2mms[22m[39m
 [32mΓ£ô[39m tests/unit/schema-validation.test.ts[2m > [22mvalidateUploadFile[2m > [22maccepts valid image types[32m 0[2mms[22m[39m
 [32mΓ£ô[39m tests/unit/schema-validation.test.ts[2m > [22mvalidateUploadFile[2m > [22maccepts PDF[32m 0[2mms[22m[39m
 [32mΓ£ô[39m tests/unit/schema-validation.test.ts[2m > [22mvalidateUploadFile[2m > [22mrejects unsupported types[32m 0[2mms[22m[39m
 [32mΓ£ô[39m tests/unit/schema-validation.test.ts[2m > [22mvalidateUploadFile[2m > [22mrejects files over 10MB[32m 0[2mms[22m[39m
 [32mΓ£ô[39m tests/unit/schema-validation.test.ts[2m > [22mvalidateUploadFile[2m > [22maccepts files under 10MB[32m 0[2mms[22m[39m

[2m Test Files [22m [1m[32m8 passed[39m[22m[2m | [22m[33m1 skipped[39m[90m (9)[39m
[2m      Tests [22m [1m[32m71 passed[39m[22m[2m | [22m[33m4 skipped[39m[90m (75)[39m
[2m   Start at [22m 14:38:37
[2m   Duration [22m 437ms[2m (transform 721ms, setup 0ms, import 1.20s, tests 37ms, environment 1ms)[22m

